{
    "fields": {
        "id": {
            "type": "integer",
            "identity": true,
            "unsigned": true
        },
        "second_id": {
            "type": "integer",
            "unsigned": true
        },
        "signed_int_null_default": {
            "type": "integer",
            "nullable": true,
            "default": "3"
        },
        "100_char": {
            "type": "string",
            "length": 100
        },
        "200_char_null": {
            "type": "string",
            "nullable": true,
            "length": 200
        },
        "comment": {
            "type": "datetime",
            "default": "CURRENT_TIMESTAMP",
            "comment": "Time is fleeting"
        },
        "float": {
            "type": "float",
            "scale": 10,
            "precision": 12
        }
    },
    "foreignKeys": {
        "second_second_id_foreign": {
            "columns": [
                "second_id"
            ],
            "foreign_table": "second",
            "foreign_columns": [
                "id"
            ]
        }
    },
    "indexes": {
        "primary": {
            "columns": [
                "id"
            ],
            "primary": true,
            "unique": true
        },
        "second_id": {
            "columns": [
                "second_id"
            ]
        }
    }
}