{
    "fields": {
        "id": {
            "type": "integer",
            "identity": true,
            "unsigned": true
        },
        "id_two": {
            "type": "integer",
            "unsigned": true
        },
        "id_three": {
            "type": "integer",
            "unsigned": true
        },
        "id_four": {
            "type": "integer",
            "unsigned": true
        },
        "id_five": {
            "type": "integer",
            "unsigned": true
        },
        "id_six": {
            "type": "integer",
            "unsigned": true
        },
        "id_seven": {
            "type": "integer",
            "unsigned": true
        }
    },
    "foreignKeys": [],
    "indexes": {
        "primary": {
            "columns": [
                "id"
            ],
            "primary": true,
            "unique": true
        },
        "id_two": {
            "columns": [
                "id_two"
            ],
            "unique": true
        },
        "id_three_id_four": {
            "columns": [
                "id_three",
                "id_four"
            ],
            "unique": true
        },
        "id_five": {
            "columns": [
                "id_five"
            ]
        },
        "id_six_id_seven": {
            "columns": [
                "id_six",
                "id_seven"
            ]
        }
    }
}